100% ▕██████████████████████████████████████▏ (00:02:43.26 elapsed)     
[english] fetching rows (source = 'data') ...
[english] fetched 2520591 rows in 163.3s
[english] 2021-01: 57266 articles -> clustering...
[english] 2021-01: done clusters=1015 elapsed=35.6s 
[english] 2021-02: 55330 articles -> clustering...
[english] 2021-02: done clusters=1016 elapsed=38.6s 
[english] 2021-03: 53569 articles -> clustering...
[english] 2021-03: done clusters=963 elapsed=37.2s 
[english] 2021-04: 55588 articles -> clustering...
[english] 2021-04: done clusters=992 elapsed=34.7s 
[english] 2021-05: 54440 articles -> clustering...
[english] 2021-05: done clusters=935 elapsed=32.5s 
[english] 2021-06: 52400 articles -> clustering...
[english] 2021-06: done clusters=975 elapsed=31.2s 
[english] 2021-07: 47993 articles -> clustering...
[english] 2021-07: done clusters=903 elapsed=27.4s 
[english] 2021-08: 51468 articles -> clustering...
[english] 2021-08: done clusters=981 elapsed=27.5s 
[english] 2021-09: 50091 articles -> clustering...
[english] 2021-09: done clusters=942 elapsed=26.2s 
[english] 2021-10: 51999 articles -> clustering...
[english] 2021-10: done clusters=1065 elapsed=32.2s 
[english] 2021-11: 49610 articles -> clustering...
[english] 2021-11: done clusters=1005 elapsed=27.2s 
[english] 2021-12: 49275 articles -> clustering...
[english] 2021-12: done clusters=1003 elapsed=27.7s 
[english] 2022-01: 53161 articles -> clustering...
[english] 2022-01: done clusters=1039 elapsed=27.8s 
[english] 2022-02: 54528 articles -> clustering...
[english] 2022-02: done clusters=1145 elapsed=27.3s 
[english] 2022-03: 56177 articles -> clustering...
[english] 2022-03: done clusters=1127 elapsed=28.1s 
[english] 2022-04: 53680 articles -> clustering...
[english] 2022-04: done clusters=1131 elapsed=28.0s 
[english] 2022-05: 56812 articles -> clustering...
[english] 2022-05: done clusters=1217 elapsed=29.9s 
[english] 2022-06: 55378 articles -> clustering...
[english] 2022-06: done clusters=1173 elapsed=31.4s 
[english] 2022-07: 56342 articles -> clustering...
[english] 2022-07: done clusters=1222 elapsed=30.6s 
[english] 2022-08: 58059 articles -> clustering...
[english] 2022-08: done clusters=1294 elapsed=32.1s 
[english] 2022-09: 52841 articles -> clustering...
[english] 2022-09: done clusters=1116 elapsed=27.4s 
[english] 2022-10: 53919 articles -> clustering...
[english] 2022-10: done clusters=1208 elapsed=28.2s 
[english] 2022-11: 52873 articles -> clustering...
[english] 2022-11: done clusters=1151 elapsed=28.6s 
[english] 2022-12: 50400 articles -> clustering...
[english] 2022-12: done clusters=1080 elapsed=27.3s 
[english] 2023-01: 30461 articles -> clustering...
[english] 2023-01: done clusters=666 elapsed=14.2s 
[english] 2023-02: 33032 articles -> clustering...
[english] 2023-02: done clusters=661 elapsed=13.9s 
[english] 2023-03: 36799 articles -> clustering...
[english] 2023-03: done clusters=743 elapsed=17.0s 
[english] 2023-04: 36484 articles -> clustering...
[english] 2023-04: done clusters=786 elapsed=15.5s 
[english] 2023-05: 39414 articles -> clustering...
[english] 2023-05: done clusters=891 elapsed=17.0s 
[english] 2023-06: 32700 articles -> clustering...
[english] 2023-06: done clusters=764 elapsed=15.5s 
[english] 2023-07: 54659 articles -> clustering...
[english] 2023-07: done clusters=1432 elapsed=24.9s 
[english] 2023-08: 89710 articles -> clustering...
[english] 2023-08: done clusters=2215 elapsed=36.2s 
[english] 2023-09: 82344 articles -> clustering...
[english] 2023-09: done clusters=1900 elapsed=34.4s 
[english] 2023-10: 92005 articles -> clustering...
[english] 2023-10: done clusters=1921 elapsed=39.2s 
[english] 2023-11: 96045 articles -> clustering...
[english] 2023-11: done clusters=2406 elapsed=39.0s 
[english] 2023-12: 391867 articles -> clustering...
[english] 2023-12: done clusters=4519 elapsed=134.9s 
[english] 2024-01: 1026 articles -> clustering...
[english] 2024-01: done clusters=6 elapsed=0.1s 
[english] 2024-02: 1067 articles -> clustering...
[english] 2024-02: done clusters=8 elapsed=0.1s 
[english] 2024-03: 808 articles -> clustering...
[english] 2024-03: done clusters=7 elapsed=0.1s 
[english] 2024-04: 654 articles -> clustering...
[english] 2024-04: done clusters=5 elapsed=0.0s 
[english] 2024-05: 969 articles -> clustering...
[english] 2024-05: done clusters=8 elapsed=0.1s 
[english] 2024-06: 1287 articles -> clustering...
[english] 2024-06: done clusters=12 elapsed=0.2s 
[english] 2024-07: 811 articles -> clustering...
[english] 2024-07: done clusters=7 elapsed=0.1s 
[english] 2024-08: 857 articles -> clustering...
[english] 2024-08: done clusters=7 elapsed=0.1s 
[english] 2024-09: 811 articles -> clustering...
[english] 2024-09: done clusters=4 elapsed=0.1s 
[english] 2024-10: 726 articles -> clustering...
[english] 2024-10: done clusters=6 elapsed=0.1s 
[english] 2024-11: 1024 articles -> clustering...
[english] 2024-11: done clusters=10 elapsed=0.1s 
[english] 2024-12: 4623 articles -> clustering...
[english] 2024-12: done clusters=49 elapsed=1.0s 
[english] 2025-01: 1134 articles -> clustering...
[english] 2025-01: done clusters=7 elapsed=0.2s 
[english] 2025-02: 1113 articles -> clustering...
[english] 2025-02: done clusters=9 elapsed=0.1s 
[english] 2025-03: 7430 articles -> clustering...
[english] 2025-03: done clusters=77 elapsed=4.2s 
[english] 2025-04: 16312 articles -> clustering...
[english] 2025-04: done clusters=152 elapsed=9.7s 
[english] 2025-05: 35702 articles -> clustering...
[english] 2025-05: done clusters=417 elapsed=15.0s 
[english] 2025-06: 35913 articles -> clustering...
[english] 2025-06: done clusters=435 elapsed=19.3s 
[english] 2025-07: 46869 articles -> clustering...
[english] 2025-07: done clusters=544 elapsed=21.5s 
[english] 2025-08: 54411 articles -> clustering...
[english] 2025-08: done clusters=609 elapsed=23.0s 
[english] 2025-09: 8325 articles -> clustering...
[english] 2025-09: done clusters=87 elapsed=5.2s 
=== english re-run complete ===
