[english] fetching rows (source = 'data') ...
[english] fetched 2520591 rows in 149.5s
[english] 2021-01: 57266 articles -> clustering...
[english] 2021-01: done clusters=1015 elapsed=33.7s 
[english] 2021-02: 55330 articles -> clustering...
[english] 2021-02: done clusters=1016 elapsed=34.9s 
[english] 2021-03: 53569 articles -> clustering...
[english] 2021-03: done clusters=963 elapsed=35.8s 
[english] 2021-04: 55588 articles -> clustering...
[english] 2021-04: done clusters=992 elapsed=36.6s 
[english] 2021-05: 54440 articles -> clustering...
[english] 2021-05: done clusters=935 elapsed=37.0s 
[english] 2021-06: 52400 articles -> clustering...
[english] 2021-06: done clusters=975 elapsed=33.5s 
[english] 2021-07: 47993 articles -> clustering...
[english] 2021-07: done clusters=903 elapsed=29.9s 
[english] 2021-08: 51468 articles -> clustering...
[english] 2021-08: done clusters=981 elapsed=29.6s 
[english] 2021-09: 50091 articles -> clustering...
[english] 2021-09: done clusters=942 elapsed=29.0s 
[english] 2021-10: 51999 articles -> clustering...
[english] 2021-10: done clusters=1065 elapsed=31.2s 
[english] 2021-11: 49610 articles -> clustering...
[english] 2021-11: done clusters=1005 elapsed=29.0s 
[english] 2021-12: 49275 articles -> clustering...
[english] 2021-12: done clusters=1003 elapsed=28.9s 
[english] 2022-01: 53161 articles -> clustering...
[english] 2022-01: done clusters=1039 elapsed=28.2s 
[english] 2022-02: 54528 articles -> clustering...
[english] 2022-02: done clusters=1145 elapsed=27.6s 
[english] 2022-03: 56177 articles -> clustering...
[english] 2022-03: done clusters=1127 elapsed=29.1s 
[english] 2022-04: 53680 articles -> clustering...
[english] 2022-04: done clusters=1131 elapsed=28.8s 
[english] 2022-05: 56812 articles -> clustering...
[english] 2022-05: done clusters=1217 elapsed=31.5s 
[english] 2022-06: 55378 articles -> clustering...
[english] 2022-06: done clusters=1173 elapsed=33.7s 
[english] 2022-07: 56342 articles -> clustering...
[english] 2022-07: done clusters=1222 elapsed=31.1s 
[english] 2022-08: 58059 articles -> clustering...
[english] 2022-08: done clusters=1294 elapsed=32.3s 
[english] 2022-09: 52841 articles -> clustering...
[english] 2022-09: done clusters=1116 elapsed=29.5s 
[english] 2022-10: 53919 articles -> clustering...
[english] 2022-10: done clusters=1208 elapsed=29.5s 
[english] 2022-11: 52873 articles -> clustering...
[english] 2022-11: done clusters=1151 elapsed=27.1s 
[english] 2022-12: 50400 articles -> clustering...
[english] 2022-12: done clusters=1080 elapsed=28.4s 
[english] 2023-01: 30461 articles -> clustering...
[english] 2023-01: done clusters=666 elapsed=13.5s 
[english] 2023-02: 33032 articles -> clustering...
[english] 2023-02: done clusters=661 elapsed=14.4s 
[english] 2023-03: 36799 articles -> clustering...
[english] 2023-03: done clusters=743 elapsed=17.2s 
[english] 2023-04: 36484 articles -> clustering...
[english] 2023-04: done clusters=786 elapsed=16.4s 
[english] 2023-05: 39414 articles -> clustering...
[english] 2023-05: done clusters=891 elapsed=18.3s 
[english] 2023-06: 32700 articles -> clustering...
[english] 2023-06: done clusters=764 elapsed=15.8s 
[english] 2023-07: 54659 articles -> clustering...
[english] 2023-07: done clusters=1432 elapsed=26.2s 
[english] 2023-08: 89710 articles -> clustering...
[english] 2023-08: done clusters=2215 elapsed=36.0s 
[english] 2023-09: 82344 articles -> clustering...
[english] 2023-09: done clusters=1900 elapsed=34.8s 
[english] 2023-10: 92005 articles -> clustering...
[english] 2023-10: done clusters=1921 elapsed=38.7s 
[english] 2023-11: 96045 articles -> clustering...
[english] 2023-11: done clusters=2406 elapsed=40.0s 
[english] 2023-12: 391867 articles -> clustering...
[english] 2023-12: done clusters=4519 elapsed=130.1s 
[english] 2024-01: 1026 articles -> clustering...
[english] 2024-01: done clusters=6 elapsed=0.2s 
[english] 2024-02: 1067 articles -> clustering...
[english] 2024-02: done clusters=8 elapsed=0.1s 
[english] 2024-03: 808 articles -> clustering...
[english] 2024-03: done clusters=7 elapsed=0.1s 
[english] 2024-04: 654 articles -> clustering...
[english] 2024-04: done clusters=5 elapsed=0.0s 
[english] 2024-05: 969 articles -> clustering...
[english] 2024-05: done clusters=8 elapsed=0.1s 
[english] 2024-06: 1287 articles -> clustering...
[english] 2024-06: done clusters=12 elapsed=0.4s 
[english] 2024-07: 811 articles -> clustering...
[english] 2024-07: done clusters=7 elapsed=0.1s 
[english] 2024-08: 857 articles -> clustering...
[english] 2024-08: done clusters=7 elapsed=0.1s 
[english] 2024-09: 811 articles -> clustering...
[english] 2024-09: done clusters=4 elapsed=0.1s 
[english] 2024-10: 726 articles -> clustering...
[english] 2024-10: done clusters=6 elapsed=0.1s 
[english] 2024-11: 1024 articles -> clustering...
[english] 2024-11: done clusters=10 elapsed=0.2s 
[english] 2024-12: 4623 articles -> clustering...
[english] 2024-12: done clusters=49 elapsed=1.1s 
[english] 2025-01: 1134 articles -> clustering...
[english] 2025-01: done clusters=7 elapsed=0.2s 
[english] 2025-02: 1113 articles -> clustering...
[english] 2025-02: done clusters=9 elapsed=0.1s 
[english] 2025-03: 7430 articles -> clustering...
[english] 2025-03: done clusters=77 elapsed=4.6s 
[english] 2025-04: 16312 articles -> clustering...
[english] 2025-04: done clusters=152 elapsed=9.3s 
[english] 2025-05: 35702 articles -> clustering...
[english] 2025-05: done clusters=417 elapsed=16.3s 
[english] 2025-06: 35913 articles -> clustering...
[english] 2025-06: done clusters=435 elapsed=20.0s 
[english] 2025-07: 46869 articles -> clustering...
[english] 2025-07: done clusters=544 elapsed=23.8s 
[english] 2025-08: 54411 articles -> clustering...
[english] 2025-08: done clusters=609 elapsed=25.4s 
[english] 2025-09: 8325 articles -> clustering...
[english] 2025-09: done clusters=87 elapsed=5.5s 
[russian] fetching rows (source LIKE 'ru_archive:%') ...
[russian] fetched 28285 rows in 98.9s
[russian] 2025-09: 3368 articles -> clustering...
[russian] 2025-09: done clusters=31 elapsed=1.0s 
[russian] 2025-10: 3495 articles -> clustering...
[russian] 2025-10: done clusters=35 elapsed=1.3s 
[russian] 2025-11: 3368 articles -> clustering...
[russian] 2025-11: done clusters=40 elapsed=2.1s 
[russian] 2025-12: 3452 articles -> clustering...
[russian] 2025-12: done clusters=33 elapsed=1.8s 
[russian] 2026-01: 3402 articles -> clustering...
[russian] 2026-01: done clusters=29 elapsed=1.5s 
[russian] 2026-02: 3104 articles -> clustering...
[russian] 2026-02: done clusters=28 elapsed=1.3s 
[russian] 2026-03: 3500 articles -> clustering...
[russian] 2026-03: done clusters=23 elapsed=1.9s 
[russian] 2026-04: 3378 articles -> clustering...
[russian] 2026-04: done clusters=33 elapsed=2.0s 
[russian] 2026-05: 1218 articles -> clustering...
[russian] 2026-05: done clusters=15 elapsed=0.5s 
=== calibration run complete ===
Log DB: C:\Users\arate\signal-mind\docs\wayfinder\news-pressure-radar\calibration\progress.db
